{
  "OPENAI_API_KEY": "sk-\"x'",
  "SESSILE_GIT_USERNAME_0": "ob",
  "SESSILE_GIT_TOKEN_0": "ghp_x",
  "GIT_CONFIG_KEY_0": "credential.https://github.com.helper",
  "GIT_CONFIG_VALUE_0": "",
  "GIT_CONFIG_KEY_1": "credential.https://github.com.helper",
  "GIT_CONFIG_VALUE_1": "!f() { test \"$1\" = get || exit 0; echo \"username=$SESSILE_GIT_USERNAME_0\"; echo \"password=$SESSILE_GIT_TOKEN_0\"; }; f",
  "GH_TOKEN": "ghp_x",
  "GIT_CONFIG_COUNT": "2"
}
