# Task bootstrap, written by sessile (PROJECT_PLAN.md §4.12.2) for task
# 'dbg-142-print-crash-3f9a1c'. Rewritten on every start; each step skips what is already done.
# Every value below is quoted by sessile, and nothing here comes from a
# command line anyone typed.

$TaskDir = 'C:\Users\ob\.sessile\tasks\dbg-142-print-crash-3f9a1c'
Set-Location -LiteralPath $TaskDir
[Environment]::CurrentDirectory = $TaskDir

# PowerShell before 7.3 drops the double quotes inside native arguments;
# $q is how an argument keeps one on every version.
if ($PSVersionTable.PSVersion -ge [version]'7.3') {
	$PSNativeCommandArgumentPassing = 'Standard'
	$q = '"'
} else {
	$q = '\"'
}

function Say([string]$m) { Write-Host "sessile: $m" -ForegroundColor Cyan }
function Stay([string]$m) {
	Write-Host ''
	Write-Host "sessile: $m" -ForegroundColor Yellow
	Write-Host "You are in the task folder, $TaskDir."
	powershell -NoLogo -NoExit
	exit
}

# Connection, Git and agent environment: loaded, then removed from disk (§4.12.9).
if (Test-Path -LiteralPath '.env.json') {
	$vars = Get-Content -Raw -LiteralPath '.env.json' | ConvertFrom-Json
	foreach ($p in $vars.PSObject.Properties) {
		[Environment]::SetEnvironmentVariable($p.Name, [string]$p.Value, 'Process')
	}
	Remove-Item -LiteralPath '.env.json' -Force
}

if (-not (Test-Path -LiteralPath 'repo\.git')) {
	if (-not (Get-Command git -ErrorAction SilentlyContinue)) { Stay 'git is not installed on this host (install Git for Windows).' }
	Say 'cloning https://github.com/moonlight-stream/moonlight-android'
	git clone -- 'https://github.com/moonlight-stream/moonlight-android' repo
	if ($LASTEXITCODE -ne 0) { Stay 'git clone failed; see above.' }
	git -C repo checkout 'main'
	if ($LASTEXITCODE -ne 0) { Stay 'could not check out main' }
}
git -C repo config user.name 'O''Brien'
git -C repo config user.email 'ob@example.com'

# Where the user-space installers put agents; after the user's own Path.
$env:Path = "$env:Path;$env:USERPROFILE\.local\bin"
if (-not (Get-Command 'codex' -ErrorAction SilentlyContinue)) {
	Stay 'codex is not installed on this host.'
}

if (Test-Path -LiteralPath '.agent-started') {
	Say 'resuming codex'
	$started = Get-Date
	& 'codex' 'resume' '--last' '--sandbox' 'read-only' '--ask-for-approval' 'on-request' '-c' ('model_provider=' + $q + 'sessile_openai' + $q + '') '-c' ('model_providers.sessile_openai.name=' + $q + 'OpenAI' + $q + '') '-c' ('model_providers.sessile_openai.base_url=' + $q + 'https://api.openai.com/v1' + $q + '') '-c' ('model_providers.sessile_openai.env_key=' + $q + 'OPENAI_API_KEY' + $q + '') '-c' ('model_providers.sessile_openai.wire_api=' + $q + 'responses' + $q + '')
	# A resume that fails straight away found nothing to resume (the history is
	# gone): start a new conversation in the same folder instead.
	if ($LASTEXITCODE -ne 0 -and ((Get-Date) - $started).TotalSeconds -lt 10) {
		Say 'nothing to resume; starting codex again'
		& 'codex' '--sandbox' 'read-only' '--ask-for-approval' 'on-request' '-c' ('model_provider=' + $q + 'sessile_openai' + $q + '') '-c' ('model_providers.sessile_openai.name=' + $q + 'OpenAI' + $q + '') '-c' ('model_providers.sessile_openai.base_url=' + $q + 'https://api.openai.com/v1' + $q + '') '-c' ('model_providers.sessile_openai.env_key=' + $q + 'OPENAI_API_KEY' + $q + '') '-c' ('model_providers.sessile_openai.wire_api=' + $q + 'responses' + $q + '') 'Read PROMPT.md: that''s my request.'
	}
} else {
	New-Item -ItemType File -Path '.agent-started' -Force | Out-Null
	Say 'starting codex'
	& 'codex' '--sandbox' 'read-only' '--ask-for-approval' 'on-request' '-c' ('model_provider=' + $q + 'sessile_openai' + $q + '') '-c' ('model_providers.sessile_openai.name=' + $q + 'OpenAI' + $q + '') '-c' ('model_providers.sessile_openai.base_url=' + $q + 'https://api.openai.com/v1' + $q + '') '-c' ('model_providers.sessile_openai.env_key=' + $q + 'OPENAI_API_KEY' + $q + '') '-c' ('model_providers.sessile_openai.wire_api=' + $q + 'responses' + $q + '') 'Read PROMPT.md: that''s my request.'
}

Stay 'codex has exited.'
